hp@DESKTOP-MH1CVT7 MINGW64 —$ cd C:Users/USers/hp/Desktop/Gitbasics bash: cd: C:Users/USers/hp/Desktop/Gitbasics: No such file or directory 
hp@DESKTOP-MH1057 MINGW64 $ cd C:/Users/hp/Desktop/Gitbasics 
hp@DESKTOP-MH1CVT7 MINGW64 —/Desktop/Gitbasics $ git init Initialized empty Git repository in C:/Users/hp/Desktop/Gitbasics/.git/ 
hpODESKTOP-MH1CVT7 MINGW64 —/Desktop/Gitbasics (master) $ git status On branch master 
No commits yet 
Untracked files: (use "git add <file›..." to include in what will be committed) FirstPgm. java 
nothing added to commit but untracked files present (use -git add- to track) 
hp@DESKTOP-MH1CVT7 MINGW64 —/Desktop/Gitbasics (master) $ git add FirstPgm.java 
hp@DESKTOP-MH1CVT7 MINGW64 —/Desktop/Gitbasics (master) $ git status On branch master 
No commits yet 
Changes to be committed: (use -git rm --cached <file>..." to unstage) new file: FirstPgm.java 
hp@DESKTOP-MH1CVT7 MINGW64 —/Desktop/Gitbasics (master) $ git rm --cached indexd.htm fatal: pathspec 'indexd.htm' did not match any files 
hp@DESKTOP-MH1CVT7 MINGW64 —/Desktop/Gitbasics (master) $ git status On branch master 
No commits yet 
Changes to be committed:(use "git rm --cached <file...." to unstage) new file: FirstPgm.java 
hp@DESKTOP-MH1CVT7 MINGW64 —/Desktop/Gitbasics (master) $ git rm --cached FirstPgm.java rm 'FirstPgm.java' 
hp@DESKTOP-MH1CVT7 MINGW64 —/Desktop/Gitbasics (master) $ git status On branch master 
No commits yet 
Untracked files: (use "git add <file›..." to include in what will be committed) FirstPgm.java 
nothing added to commit but untracked files present (use "git add" to track) 
hp@DESKTOP-MH1CVT7 MINGW64 —/Desktop/Gitbasics (master) $ git add FirstPgm.java 
hp@DESKTOP-MH1CVT7 MINGW64 —/Desktop/Gitbasics (master) $ git status On branch master 
No commits yet 
Changes to be committed: (use "git rm --cached <file›..." to unstage) new file: FirstPgm.java 
hp@DESKTOP-MH1CVT7 MINGW64 —/Desktop/Gitbasics (master) $ git commit -m "committing FirstPgm.java file" [master (root-commit) 71ff81f] committing FirstPgm.java file 1 file changed, 8 insertions(+) create mode 100644 FirstPgm.java 
hp@DESKTOP-MH1CVT7 MINGW64 —/Desktop/Gitbasics (master) $ git status On branch master nothing to commit, working tree clean 
hp@DESKTOP-MH1CVT7 MINGW64 —/Desktop/Gitbasics (master) $ git status 
On branch master Changes not staged for commit: (use "git add <file>..." to update what will be committed) (use "git restore <file>..." to discard changes in working directory) modified: FirstPgm. java 
no changes added to commit (use "git add" and/or "git commit -a") 
hp@DESKTOP-MH1CVT7 MINGW64 —/Desktop/Gitbasics (master) $ git diff diff --git a/FirstPgm.java b/FirstPgm.java index d5b08df..c8bb76e 100644 a/FirstPgm.java b/FirstPgm.java @@ -4,5 +4,6 @a public class FirstPgm { 
System.out.println("Hello World"); System.out.println("This is Anish"); System.out.println("Modifying my program to see changes"); 
} } \ No newline at end of file 
hp@DESKTOP-MH1CVT7 MINGW64 —/Desktop/Gitbasics (master) $ git add FirstPgm.java 
hp@DESKTOP-MH1CVT7 MINGW64 —/Desktop/Gitbasics (master) $ git commit -m "Updating java file" [master b48957a] Updating java file 1 file changed, 1 insertion(+) 
hp@DESKTOP-MH1CVT7 MINGW64 —/Desktop/Gitbasics (master) $ git log commit b48957aa45c166cc1315f84016d45aa5f86df438 (HEAD -a master) Author: Anish <anish.pgtegmail.como. Date: Sun May 21 22:55:00 2023 +0530 
Updating java file 
commit 71ff81f8558bdle7e18bc37d0176c0a959fdf380 Author: Anish <anish.pgt@gmail.como. Date: Sun May 21 22:47:31 2023 +0530 
committing FirstPgm.java file 
hp@DESKTOP-MH1CVT7 MINGW64 —/Desktop/Gitbasics (master) $ git branch ModifyPrint 
hp@DESKTOP-MH1CVT7 MINGW64 $ git branch ModifyPrint * master 
—/Desktop/Gitbasics (master) 
—/Desktop/Gitbasics (master) 
hp@DESKTOP-MH1CVT7 MINGW64 —/Desktop/Gitbasics (master) $ git switch ModifyPrint Switched to branch 'ModifyPrint' 
hp@DESKTOP-MH1CVT7 MINGW64 —/Desktop/Gitbasics (ModifyPrint) $ git branch * ModifyPrint master 
hp@DESKTOP-MH1CVT7 MINGW64 —/Desktop/Gitbasics (ModifyPrint) git status On branch ModifyPrint Changes not staged for commit: (use "git add <file...." to update what will be committed) (use "git restore <file...." to discard changes in working directory) modified: FirstPgm.java 
no changes added to commit (use "git add" and/or "git commit -a") 
hp@DESKTOP-MH1CVT7 MINGW64 —/Desktop/Gitbasics (ModifyPrint) $ git commit -a -m "added another print statement" [ModifyPrint 20b054e] added another print statement 1 file changed, 1 insertion(+) 
hp@DESKTOP-MH1CVT7 MINGW64 —/Desktop/Gitbasics (ModifyPrint) $ git switch main fatal: invalid reference: main 
hp@DESKTOP-MH1CVT7 MINGW64 —/Desktop/Gitbasics (ModifyPrint) $ git switch master Switched to branch 'master' 
hp@DESKTOP-MH1CVT7 MINGW64 —/Desktop/Gitbasics (master) $ git merge -m "merging ModifyPrint back to master" fatal: No remote for the current branch. 
hp@DESKTOP-MH1CVT7 MINGW64 —/Desktop/Gitbasi cs (master) $ git merge -m "merging ModifyPrint back to master" ModifyPrint 
fatal: No remote for the current branch. 
hp@DESKTOP-MH1CVT7 MINGW64 —/Desktop/Gitbasi cs (master) $ git merge -m "merging ModifyPrint back to master" ModifyPrint Updating b48957a..20b054e Fast-forward (no commit created; -m option ignored) FirstPgm.java | 1 + 1 file changed, 1 insertion(+) 
hp@DESKTOP-MH1CVT7 MINGW64 —/Desktop/Gitbasics (master) $ git branch -d ModifyPrint Deleted branch ModifyPrint (was 20b054e). 
hp@DESKTOP-MH1CVT7 MINGW64 —/Desktop/Gitbasics (master) $ git branch * master 
hp@DESKTOP-MH1CVT7 MINGW64 $ git branch Sample 
hp@DESKTOP-MH1CVT7 MINGW64 $ git branch Sample * master 
—/Desktop/Gitbasics (master) 
—/Desktop/Gitbasi cs (master) 
hp@DESKTOP-MH1CVT7 MINGW64 —/Desktop/Gitbasics (master) $ git branch -d Sample Deleted branch Sample (was 20b054e). 
hp@DESKTOP-MH1CVT7 MINGW64 —/Desktop/Gitbasics (master) git remote add origin https://github.com/anish2lpgt/Gitbasics.gitl 
hp@DESKTOP-MH1CVT7 MINGW64 —/Desktop/Gitbasics (master) $ git branch -m main 
hp@DESKTOP-MH1CVT7 MINGW64 —/Desktop/Gitbasics (main) $ git push -u origin main Enumerating objects: 9, done. Counting objects: 100% (9/9), done. Delta compression using up to 4 threads Compressing objects: 100% (6/6), done. Writing objects: 100% (9/9), 843 bytes 1 421.00 KiB/s, done. Total 9 (delta 2), reused 0 (delta 0), pack-reused 0 remote: Resolving deltas: 100% (2/2), done. To https://github.com/anish21pgt/Gitbasics.git * [new branch] main -> main branch 'main' set up to track 'origin/main'. 
hp@DESKTOP-MH1CVT7 MINGW64 —/Desktop/Gitbasi cs (main) $ git push --all Everything up-to-date 
hp@DESKTOP-MH1CVT7 MINGW64 —/Desktop/Gitbasi cs (main) $ git branch ModifyPrint 
hp@DESKTOP-MH1CVT7 MINGW64 —/Desktop/Gitbasi cs (main) $ git branch ModifyPrint * main 
hp@DESKTOP-MH1CVT7 MINGW64 —/Desktop/Gitbasics (main) $ git push --all Total 0 (delta 0), reused 0 (delta 0), pack-reused 0 remote: remote: Create a pull request for 'ModifyPrint' on GitHub by visiting: remote: https://github.com/anish2lpgt/Gitbasics/pull/new/ModifyPrint remote: To https://github.com/anish21pgt/Gitbasics.git * [new branch] ModifyPrint -> ModifyPrint 








